// Jest Snapshot v1, https://goo.gl/fbAQLP

exports[`Matches the snapshot 1`] = `
{
  "Parameters": {
    "BootstrapVersion": {
      "Default": "/cdk-bootstrap/hnb659fds/version",
      "Description": "Version of the CDK Bootstrap resources in this environment, automatically retrieved from SSM Parameter Store. [cdk:skip]",
      "Type": "AWS::SSM::Parameter::Value<String>",
    },
  },
  "Resources": {
    "CdkPlayHandler7964437C": {
      "DependsOn": [
        "CdkPlayHandlerServiceRoleDefaultPolicy37A2C2CC",
        "CdkPlayHandlerServiceRoleFD3E9DC6",
      ],
      "Properties": {
        "Code": {
          "S3Bucket": {
            "Fn::Sub": "cdk-hnb659fds-assets-\${AWS::AccountId}-\${AWS::Region}",
          },
          "S3Key": "d47d116b1f2122ed5aa916321f98be29f41eb9a699c9cc4c4c56c5f903e66ee3.zip",
        },
        "Handler": "final.handler",
        "Role": {
          "Fn::GetAtt": [
            "CdkPlayHandlerServiceRoleFD3E9DC6",
            "Arn",
          ],
        },
        "Runtime": "nodejs18.x",
        "TracingConfig": {
          "Mode": "Active",
        },
      },
      "Type": "AWS::Lambda::Function",
    },
    "CdkPlayHandlerServiceRoleDefaultPolicy37A2C2CC": {
      "Properties": {
        "PolicyDocument": {
          "Statement": [
            {
              "Action": [
                "xray:PutTraceSegments",
                "xray:PutTelemetryRecords",
              ],
              "Effect": "Allow",
              "Resource": "*",
            },
            {
              "Action": [
                "sqs:ReceiveMessage",
                "sqs:ChangeMessageVisibility",
                "sqs:GetQueueUrl",
                "sqs:DeleteMessage",
                "sqs:GetQueueAttributes",
              ],
              "Effect": "Allow",
              "Resource": {
                "Fn::GetAtt": [
                  "CdkPlayQueue78BDD396",
                  "Arn",
                ],
              },
            },
          ],
          "Version": "2012-10-17",
        },
        "PolicyName": "CdkPlayHandlerServiceRoleDefaultPolicy37A2C2CC",
        "Roles": [
          {
            "Ref": "CdkPlayHandlerServiceRoleFD3E9DC6",
          },
        ],
      },
      "Type": "AWS::IAM::Policy",
    },
    "CdkPlayHandlerServiceRoleFD3E9DC6": {
      "Properties": {
        "AssumeRolePolicyDocument": {
          "Statement": [
            {
              "Action": "sts:AssumeRole",
              "Effect": "Allow",
              "Principal": {
                "Service": "lambda.amazonaws.com",
              },
            },
          ],
          "Version": "2012-10-17",
        },
        "ManagedPolicyArns": [
          {
            "Fn::Join": [
              "",
              [
                "arn:",
                {
                  "Ref": "AWS::Partition",
                },
                ":iam::aws:policy/service-role/AWSLambdaBasicExecutionRole",
              ],
            ],
          },
        ],
      },
      "Type": "AWS::IAM::Role",
    },
    "CdkPlayHandlerSqsEventSourcePostProcessStackCdkPlayQueue68C56F146366F72E": {
      "Properties": {
        "EventSourceArn": {
          "Fn::GetAtt": [
            "CdkPlayQueue78BDD396",
            "Arn",
          ],
        },
        "FunctionName": {
          "Ref": "CdkPlayHandler7964437C",
        },
      },
      "Type": "AWS::Lambda::EventSourceMapping",
    },
    "CdkPlayPreProcessHandler6CA76BA8": {
      "DependsOn": [
        "CdkPlayPreProcessHandlerServiceRoleDefaultPolicy8DACD1C1",
        "CdkPlayPreProcessHandlerServiceRole55175F02",
      ],
      "Properties": {
        "Code": {
          "S3Bucket": {
            "Fn::Sub": "cdk-hnb659fds-assets-\${AWS::AccountId}-\${AWS::Region}",
          },
          "S3Key": "d47d116b1f2122ed5aa916321f98be29f41eb9a699c9cc4c4c56c5f903e66ee3.zip",
        },
        "Environment": {
          "Variables": {
            "SQS_URL": {
              "Ref": "CdkPlayQueue78BDD396",
            },
          },
        },
        "Handler": "preprocess.handler",
        "Role": {
          "Fn::GetAtt": [
            "CdkPlayPreProcessHandlerServiceRole55175F02",
            "Arn",
          ],
        },
        "Runtime": "nodejs18.x",
        "TracingConfig": {
          "Mode": "Active",
        },
      },
      "Type": "AWS::Lambda::Function",
    },
    "CdkPlayPreProcessHandlerDynamoDBEventSourceBackendTestStackCdkPlayBackendTable3924BCEEB1649CBA": {
      "Properties": {
        "BatchSize": 100,
        "EventSourceArn": {
          "Fn::ImportValue": "BackendTestStack:ExportsOutputFnGetAttCdkPlayBackendTable5A795537StreamArn9EDDD18B",
        },
        "FilterCriteria": {
          "Filters": [
            {
              "Pattern": "{"eventName":["INSERT"]}",
            },
          ],
        },
        "FunctionName": {
          "Ref": "CdkPlayPreProcessHandler6CA76BA8",
        },
        "StartingPosition": "LATEST",
      },
      "Type": "AWS::Lambda::EventSourceMapping",
    },
    "CdkPlayPreProcessHandlerServiceRole55175F02": {
      "Properties": {
        "AssumeRolePolicyDocument": {
          "Statement": [
            {
              "Action": "sts:AssumeRole",
              "Effect": "Allow",
              "Principal": {
                "Service": "lambda.amazonaws.com",
              },
            },
          ],
          "Version": "2012-10-17",
        },
        "ManagedPolicyArns": [
          {
            "Fn::Join": [
              "",
              [
                "arn:",
                {
                  "Ref": "AWS::Partition",
                },
                ":iam::aws:policy/service-role/AWSLambdaBasicExecutionRole",
              ],
            ],
          },
        ],
      },
      "Type": "AWS::IAM::Role",
    },
    "CdkPlayPreProcessHandlerServiceRoleDefaultPolicy8DACD1C1": {
      "Properties": {
        "PolicyDocument": {
          "Statement": [
            {
              "Action": [
                "xray:PutTraceSegments",
                "xray:PutTelemetryRecords",
              ],
              "Effect": "Allow",
              "Resource": "*",
            },
            {
              "Action": "dynamodb:ListStreams",
              "Effect": "Allow",
              "Resource": "*",
            },
            {
              "Action": [
                "dynamodb:DescribeStream",
                "dynamodb:GetRecords",
                "dynamodb:GetShardIterator",
              ],
              "Effect": "Allow",
              "Resource": {
                "Fn::ImportValue": "BackendTestStack:ExportsOutputFnGetAttCdkPlayBackendTable5A795537StreamArn9EDDD18B",
              },
            },
            {
              "Action": [
                "sqs:SendMessage",
                "sqs:GetQueueAttributes",
                "sqs:GetQueueUrl",
              ],
              "Effect": "Allow",
              "Resource": {
                "Fn::GetAtt": [
                  "CdkPlayQueue78BDD396",
                  "Arn",
                ],
              },
            },
          ],
          "Version": "2012-10-17",
        },
        "PolicyName": "CdkPlayPreProcessHandlerServiceRoleDefaultPolicy8DACD1C1",
        "Roles": [
          {
            "Ref": "CdkPlayPreProcessHandlerServiceRole55175F02",
          },
        ],
      },
      "Type": "AWS::IAM::Policy",
    },
    "CdkPlayQueue78BDD396": {
      "DeletionPolicy": "Delete",
      "Properties": {
        "VisibilityTimeout": 300,
      },
      "Type": "AWS::SQS::Queue",
      "UpdateReplacePolicy": "Delete",
    },
  },
  "Rules": {
    "CheckBootstrapVersion": {
      "Assertions": [
        {
          "Assert": {
            "Fn::Not": [
              {
                "Fn::Contains": [
                  [
                    "1",
                    "2",
                    "3",
                    "4",
                    "5",
                  ],
                  {
                    "Ref": "BootstrapVersion",
                  },
                ],
              },
            ],
          },
          "AssertDescription": "CDK bootstrap stack version 6 required. Please run 'cdk bootstrap' with a recent version of the CDK CLI.",
        },
      ],
    },
  },
}
`;
